c:\users\owner\desktop\c_project\pinpon_project\pinpon\x64\debug\vc143.pdb
c:\users\owner\desktop\c_project\pinpon_project\pinpon\x64\debug\vc143.idb
c:\users\owner\desktop\c_project\pinpon_project\pinpon\x64\debug\inputsystem.obj
c:\users\owner\desktop\c_project\pinpon_project\pinpon\x64\debug\ball.obj
c:\users\owner\desktop\c_project\pinpon_project\pinpon\x64\debug\cpucontroller.obj
c:\users\owner\desktop\c_project\pinpon_project\pinpon\x64\debug\renderer.obj
c:\users\owner\desktop\c_project\pinpon_project\pinpon\x64\debug\paddle.obj
c:\users\owner\desktop\c_project\pinpon_project\pinpon\x64\debug\main.obj
c:\users\owner\desktop\c_project\pinpon_project\pinpon\x64\debug\game.obj
c:\users\owner\desktop\c_project\pinpon_project\x64\debug\pinpon.exe
c:\users\owner\desktop\c_project\pinpon_project\x64\debug\pinpon.pdb
c:\users\owner\desktop\c_project\pinpon_project\pinpon\x64\debug\pinpon.ilk
c:\users\owner\desktop\c_project\pinpon_project\pinpon\x64\debug\pinpon.tlog\cl.command.1.tlog
c:\users\owner\desktop\c_project\pinpon_project\pinpon\x64\debug\pinpon.tlog\cl.items.tlog
c:\users\owner\desktop\c_project\pinpon_project\pinpon\x64\debug\pinpon.tlog\cl.read.1.tlog
c:\users\owner\desktop\c_project\pinpon_project\pinpon\x64\debug\pinpon.tlog\cl.write.1.tlog
c:\users\owner\desktop\c_project\pinpon_project\pinpon\x64\debug\pinpon.tlog\link.command.1.tlog
c:\users\owner\desktop\c_project\pinpon_project\pinpon\x64\debug\pinpon.tlog\link.read.1.tlog
c:\users\owner\desktop\c_project\pinpon_project\pinpon\x64\debug\pinpon.tlog\link.secondary.1.tlog
c:\users\owner\desktop\c_project\pinpon_project\pinpon\x64\debug\pinpon.tlog\link.write.1.tlog
